[2026-04-30 14:06:02,627] [INFO] ✓ Stage 1 completed successfully (0.0s)
[2026-04-30 14:06:02,627] [INFO] 
[2026-04-30 14:06:02,627] [INFO] [2/8] Environment Setup (25% complete)
[2026-04-30 14:06:02,628] [INFO]   Elapsed: 0s | ETA: 0s
[2026-04-30 14:06:02,628] [INFO] ━━━━━━━━━━━━━━━━━━━━━━━━━━━━━━━━━━━━━━━━━━━━━━
[2026-04-30 14:06:07,516] [INFO] ✓ Stage 2 completed successfully (4.9s)
[2026-04-30 14:06:07,517] [INFO] 
[2026-04-30 14:06:07,517] [INFO] [3/8] Project Tests (37% complete)
[2026-04-30 14:06:07,517] [INFO]   Elapsed: 4s | ETA: 8s
[2026-04-30 14:06:07,517] [INFO] ━━━━━━━━━━━━━━━━━━━━━━━━━━━━━━━━━━━━━━━━━━━━━━
[2026-04-30 14:06:54,225] [INFO] ✓ Stage 3 completed successfully (46.7s)
[2026-04-30 14:06:54,226] [INFO] 
[2026-04-30 14:06:54,226] [INFO] [4/8] Project Analysis (50% complete)
[2026-04-30 14:06:54,226] [INFO]   Elapsed: 51s | ETA: 51s
[2026-04-30 14:06:54,226] [INFO] ━━━━━━━━━━━━━━━━━━━━━━━━━━━━━━━━━━━━━━━━━━━━━━
[2026-04-30 14:12:48,760] [INFO] ✓ Stage 4 completed successfully (354.5s)
[2026-04-30 14:12:48,762] [INFO] 
[2026-04-30 14:12:48,762] [INFO] [5/8] PDF Rendering (62% complete)
[2026-04-30 14:12:48,762] [INFO]   Elapsed: 6m 46s | ETA: 4m 3s
[2026-04-30 14:12:48,762] [INFO] ━━━━━━━━━━━━━━━━━━━━━━━━━━━━━━━━━━━━━━━━━━━━━━
[2026-04-30 14:13:55,266] [INFO] ✓ Stage 5 completed successfully (66.5s)
[2026-04-30 14:13:55,267] [INFO] 
[2026-04-30 14:13:55,267] [INFO] [6/8] Output Validation (75% complete)
[2026-04-30 14:13:55,267] [INFO]   Elapsed: 7m 52s | ETA: 2m 37s
[2026-04-30 14:13:55,267] [INFO] ━━━━━━━━━━━━━━━━━━━━━━━━━━━━━━━━━━━━━━━━━━━━━━
[2026-04-30 14:13:55,725] [INFO] ✓ Stage 6 completed successfully (0.5s)
[2026-04-30 14:13:55,726] [INFO] 
[2026-04-30 14:13:55,726] [INFO] [7/8] Copy Outputs (87% complete)
[2026-04-30 14:13:55,726] [INFO]   Elapsed: 7m 53s | ETA: 1m 7s
[2026-04-30 14:13:55,726] [INFO] ━━━━━━━━━━━━━━━━━━━━━━━━━━━━━━━━━━━━━━━━━━━━━━
[2026-04-30 14:13:56,188] [INFO] ✓ Stage 7 completed successfully (0.5s)
