This is pdfTeX, Version 3.141592653-2.6-1.40.29 (TeX Live 2026) (preloaded format=pdflatex 2026.3.22)  23 JUL 2026 22:25
entering extended mode
 restricted \write18 enabled.
 %&-line parsing enabled.
**output/manuscript/00_abstract.md
(./output/manuscript/00_abstract.md
LaTeX2e <2025-11-01>
L3 programming layer <2026-01-19>
! You can't use `macro parameter character #' in vertical mode.
l.1 #
      Abstract
Sorry, but I'm not programmed to handle this case;
I'll just pretend that you didn't ask for it.
If you're in the wrong mode, you might be able to
return to the right one by typing `I}' or `I$' or `I\par'.

 
Here is how much of TeX's memory you used:
 16 strings out of 467525
 415 string characters out of 5418982
 433756 words of memory out of 5000000
 29024 multiletter control sequences out of 15000+600000
 627721 words of font info for 40 fonts, out of 8000000 for 9000
 1141 hyphenation exceptions out of 8191
 12i,0n,13p,74b,8s stack positions out of 10000i,1000n,20000p,200000b,200000s
!  ==> Fatal error occurred, no output PDF file produced!
