This is XeTeX, Version 3.141592653-2.6-0.999998 (TeX Live 2026) (preloaded format=xelatex)
 \write18 enabled.
entering extended mode
(./_combined_manuscript.tex
LaTeX2e <2025-11-01>
L3 programming layer <2026-01-19>
(/usr/local/texlive/2026/texmf-dist/tex/latex/base/article.cls
Document Class: article 2025/01/22 v1.4n Standard LaTeX document class
(/usr/local/texlive/2026/texmf-dist/tex/latex/base/size10.clo))
(/usr/local/texlive/2026/texmf-dist/tex/latex/xcolor/xcolor.sty
(/usr/local/texlive/2026/texmf-dist/tex/latex/graphics-cfg/color.cfg)
(/usr/local/texlive/2026/texmf-dist/tex/latex/graphics-def/xetex.def)
(/usr/local/texlive/2026/texmf-dist/tex/latex/graphics/mathcolor.ltx))
(/usr/local/texlive/2026/texmf-dist/tex/latex/amsmath/amsmath.sty
For additional information on amsmath, use the `?' option.
(/usr/local/texlive/2026/texmf-dist/tex/latex/amsmath/amstext.sty
(/usr/local/texlive/2026/texmf-dist/tex/latex/amsmath/amsgen.sty))
(/usr/local/texlive/2026/texmf-dist/tex/latex/amsmath/amsbsy.sty)
(/usr/local/texlive/2026/texmf-dist/tex/latex/amsmath/amsopn.sty))
(/usr/local/texlive/2026/texmf-dist/tex/latex/amsfonts/amssymb.sty
(/usr/local/texlive/2026/texmf-dist/tex/latex/amsfonts/amsfonts.sty))
(/usr/local/texlive/2026/texmf-dist/tex/generic/iftex/iftex.sty)
(/usr/local/texlive/2026/texmf-dist/tex/latex/unicode-math/unicode-math.sty
(/usr/local/texlive/2026/texmf-dist/tex/latex/l3kernel/expl3.sty
(/usr/local/texlive/2026/texmf-dist/tex/latex/l3backend/l3backend-xetex.def))
(/usr/local/texlive/2026/texmf-dist/tex/latex/unicode-math/unicode-math-xetex.s
ty (/usr/local/texlive/2026/texmf-dist/tex/latex/l3packages/xparse/xparse.sty)
(/usr/local/texlive/2026/texmf-dist/tex/latex/l3packages/l3keys2e/l3keys2e.sty)
 (/usr/local/texlive/2026/texmf-dist/tex/latex/fontspec/fontspec.sty
(/usr/local/texlive/2026/texmf-dist/tex/latex/fontspec/fontspec-xetex.sty
(/usr/local/texlive/2026/texmf-dist/tex/latex/base/fontenc.sty)
(/usr/local/texlive/2026/texmf-dist/tex/latex/fontspec/fontspec.cfg)))
(/usr/local/texlive/2026/texmf-dist/tex/latex/base/fix-cm.sty
(/usr/local/texlive/2026/texmf-dist/tex/latex/base/ts1enc.def))
(/usr/local/texlive/2026/texmf-dist/tex/latex/unicode-math/unicode-math-table.t
ex))) (/usr/local/texlive/2026/texmf-dist/tex/latex/upquote/upquote.sty
(/usr/local/texlive/2026/texmf-dist/tex/latex/base/textcomp.sty))
(/usr/local/texlive/2026/texmf-dist/tex/latex/microtype/microtype.sty
(/usr/local/texlive/2026/texmf-dist/tex/latex/graphics/keyval.sty)
(/usr/local/texlive/2026/texmf-dist/tex/latex/etoolbox/etoolbox.sty)
(/usr/local/texlive/2026/texmf-dist/tex/latex/microtype/microtype-xetex.def)
(/usr/local/texlive/2026/texmf-dist/tex/latex/microtype/microtype.cfg))
(/usr/local/texlive/2026/texmf-dist/tex/latex/parskip/parskip.sty
(/usr/local/texlive/2026/texmf-dist/tex/latex/kvoptions/kvoptions.sty
(/usr/local/texlive/2026/texmf-dist/tex/generic/ltxcmds/ltxcmds.sty)
(/usr/local/texlive/2026/texmf-dist/tex/latex/kvsetkeys/kvsetkeys.sty)))
(/usr/local/texlive/2026/texmf-dist/tex/latex/fancyvrb/fancyvrb.sty)
(/usr/local/texlive/2026/texmf-dist/tex/latex/tools/longtable.sty)
(/usr/local/texlive/2026/texmf-dist/tex/latex/booktabs/booktabs.sty)
(/usr/local/texlive/2026/texmf-dist/tex/latex/tools/array.sty)
(/usr/local/texlive/2026/texmf-dist/tex/latex/tools/calc.sty)
(/usr/local/texlive/2026/texmf-dist/tex/latex/footnotehyper/footnotehyper.sty)
(/usr/local/texlive/2026/texmf-dist/tex/latex/natbib/natbib.sty)
(/usr/local/texlive/2026/texmf-dist/tex/latex/caption/subcaption.sty
(/usr/local/texlive/2026/texmf-dist/tex/latex/caption/caption.sty
(/usr/local/texlive/2026/texmf-dist/tex/latex/caption/caption3.sty)
(/usr/local/texlive/2026/texmf-dist/tex/latex/caption/ltcaption.sty)))
(/usr/local/texlive/2026/texmf-dist/tex/latex/float/float.sty)
(/usr/local/texlive/2026/texmf-dist/tex/latex/bookmark/bookmark.sty
(/usr/local/texlive/2026/texmf-dist/tex/latex/hyperref/hyperref.sty
(/usr/local/texlive/2026/texmf-dist/tex/generic/kvdefinekeys/kvdefinekeys.sty)
(/usr/local/texlive/2026/texmf-dist/tex/generic/pdfescape/pdfescape.sty
(/usr/local/texlive/2026/texmf-dist/tex/generic/pdftexcmds/pdftexcmds.sty
(/usr/local/texlive/2026/texmf-dist/tex/generic/infwarerr/infwarerr.sty)))
(/usr/local/texlive/2026/texmf-dist/tex/latex/hycolor/hycolor.sty)
(/usr/local/texlive/2026/texmf-dist/tex/latex/hyperref/nameref.sty
(/usr/local/texlive/2026/texmf-dist/tex/latex/refcount/refcount.sty)
(/usr/local/texlive/2026/texmf-dist/tex/generic/gettitlestring/gettitlestring.s
ty)) (/usr/local/texlive/2026/texmf-dist/tex/generic/stringenc/stringenc.sty)
(/usr/local/texlive/2026/texmf-dist/tex/latex/hyperref/pd1enc.def)
(/usr/local/texlive/2026/texmf-dist/tex/generic/intcalc/intcalc.sty)
(/usr/local/texlive/2026/texmf-dist/tex/latex/hyperref/puenc.def)
(/usr/local/texlive/2026/texmf-dist/tex/latex/url/url.sty)
(/usr/local/texlive/2026/texmf-dist/tex/generic/bitset/bitset.sty
(/usr/local/texlive/2026/texmf-dist/tex/generic/bigintcalc/bigintcalc.sty)))
(/usr/local/texlive/2026/texmf-dist/tex/latex/hyperref/hxetex.def
(/usr/local/texlive/2026/texmf-dist/tex/latex/rerunfilecheck/rerunfilecheck.sty

(/usr/local/texlive/2026/texmf-dist/tex/generic/uniquecounter/uniquecounter.sty
))) (/usr/local/texlive/2026/texmf-dist/tex/latex/bookmark/bkm-dvipdfm.def))
(/usr/local/texlive/2026/texmf-dist/tex/latex/xurl/xurl.sty)
(/usr/local/texlive/2026/texmf-dist/tex/latex/amscls/amsthm.sty)
(/usr/local/texlive/2026/texmf-dist/tex/latex/geometry/geometry.sty
(/usr/local/texlive/2026/texmf-dist/tex/generic/iftex/ifvtex.sty))
(/usr/local/texlive/2026/texmf-dist/tex/latex/graphics/graphicx.sty
(/usr/local/texlive/2026/texmf-dist/tex/latex/graphics/graphics.sty
(/usr/local/texlive/2026/texmf-dist/tex/latex/graphics/trig.sty)
(/usr/local/texlive/2026/texmf-dist/tex/latex/graphics-cfg/graphics.cfg)))
(/usr/local/texlive/2026/texmf-dist/tex/latex/placeins/placeins.sty)
(/usr/local/texlive/2026/texmf-dist/tex/latex/multirow/multirow.sty)
(/usr/local/texlive/2026/texmf-dist/tex/latex/listings/listings.sty
(/usr/local/texlive/2026/texmf-dist/tex/latex/listings/lstpatch.sty)
(/usr/local/texlive/2026/texmf-dist/tex/latex/listings/lstmisc.sty)
(/usr/local/texlive/2026/texmf-dist/tex/latex/listings/listings.cfg))
==> First Aid for listings.sty no longer applied!
    Expected:
        2024/09/23 1.10c (Carsten Heinz)
    but found:
        2025/11/14 1.11b (Carsten Heinz)
    so I'm assuming it got fixed.
(/usr/local/texlive/2026/texmf-dist/tex/latex/cleveref/cleveref.sty)
==> First Aid for cleveref.sty applied!
(/usr/local/texlive/2026/texmf-dist/tex/latex/algorithm2e/algorithm2e.sty
(/usr/local/texlive/2026/texmf-dist/tex/latex/base/ifthen.sty)
(/usr/local/texlive/2026/texmf-dist/tex/latex/ifoddpage/ifoddpage.sty)
(/usr/local/texlive/2026/texmf-dist/tex/latex/tools/xspace.sty)
(/usr/local/texlive/2026/texmf-dist/tex/latex/relsize/relsize.sty))
(./_combined_manuscript.aux)
(/usr/local/texlive/2026/texmf-dist/tex/latex/microtype/mt-LatinModernRoman.cfg
)
*geometry* driver: auto-detecting
*geometry* detected driver: xetex
(/usr/local/texlive/2026/texmf-dist/tex/latex/amsfonts/umsa.fd)
(/usr/local/texlive/2026/texmf-dist/tex/latex/microtype/mt-msa.cfg)
(/usr/local/texlive/2026/texmf-dist/tex/latex/amsfonts/umsb.fd)
(/usr/local/texlive/2026/texmf-dist/tex/latex/microtype/mt-msb.cfg)
(./_combined_manuscript.toc [1] [2]) [3] [4] [5] [6] [7] [8]
Overfull \hbox (177.44516pt too wide) in paragraph at lines 616--627
 [][] 
[9]
Underfull \hbox (badness 10000) in paragraph at lines 700--718
\TU/lmtt/m/n/10 all:"free energy principle"\TU/lmr/m/n/10 , \TU/lmtt/m/n/10 all
:"predictive coding" AND all:"free energy"\TU/lmr/m/n/10 , \TU/lmtt/m/n/10 all:
"expected free

Underfull \hbox (badness 1360) in paragraph at lines 700--718
\TU/lmtt/m/n/10 all:"contrastive divergence" AND all:"generative model"\TU/lmr/
m/n/10 ) are available via the \TU/lmtt/m/n/10 arxiv_queries \TU/lmr/m/n/10 lis
t in
[10] [11] [12]
Overfull \hbox (35.36511pt too wide) in paragraph at lines 1067--1076
[]\TU/lmr/m/n/10 Nanopublications are persisted \TU/lmr/bx/n/10 incrementally \
TU/lmr/m/n/10 during extraction. Every 50 papers (configurable via \TU/lmtt/m/n
/10 --checkpoint-interval\TU/lmr/m/n/10 ),
[13] [14]
Overfull \hbox (291.19516pt too wide) in paragraph at lines 1219--1229
 [][] 
[15] [16] [17]
Overfull \hbox (1.52522pt too wide) in paragraph at lines 1421--1435
 [][] 
[18] [19] [20] [21] [22]
Overfull \hbox (37.57523pt too wide) in paragraph at lines 1740--1754
 [][] 
[23] [24] [25] [26] [27] [28]
Underfull \hbox (badness 10000) in paragraph at lines 2078--2079
[]|\TU/lmr/m/n/10 Agent-environment modeling and

Overfull \hbox (133.09166pt too wide) in paragraph at lines 2074--2085
 [][] 
[29] [30] [31] [32] [33] [34] [35] [36] [37]
Underfull \hbox (badness 1960) in paragraph at lines 2507--2515
[]\TU/lmr/m/n/10 For each hypothesis, the extraction pipeline can be extended t
o tag assertions whose evidence type is

Overfull \hbox (47.5332pt too wide) in paragraph at lines 2541--2551
 [][] 
[38] [39] [40] [41] [42] [43] [44]
Underfull \hbox (badness 1314) in paragraph at lines 3202--3202
[]|\TU/lmr/m/n/9 Discrete POMDP active inference; factor

Underfull \hbox (badness 10000) in paragraph at lines 3203--3204
[]|[][]\TU/lmr/m/n/9 Friston et al.[][]

Underfull \hbox (badness 10000) in paragraph at lines 3204--3205
[]|[][]\TU/lmr/m/n/9 Bagaev et al.[][]

Underfull \hbox (badness 10000) in paragraph at lines 3205--3206
[]|[][]\TU/lmr/m/n/9 Nehrer et al.[][]

Underfull \hbox (badness 10000) in paragraph at lines 3207--3208
[]|[][]\TU/lmr/m/n/9 Pazem et al.[][]

Underfull \hbox (badness 10000) in paragraph at lines 3214--3214
[]|\TU/lmr/m/n/9 deep-active-inference-

Underfull \hbox (badness 10000) in paragraph at lines 3214--3215
[]|[][]\TU/lmr/m/n/9 Fountas et al.[][]

Underfull \hbox (badness 1990) in paragraph at lines 3216--3216
[]|\TU/lmr/m/n/9 Branching-time AIF with multi-step tree

Underfull \hbox (badness 10000) in paragraph at lines 3222--3222
[]|\TU/lmr/m/n/9 active-inference

Overfull \hbox (7.40442pt too wide) in paragraph at lines 3226--3226
[]|\TU/lmr/m/n/9 Python/JAX| 

Overfull \hbox (17.17628pt too wide) in paragraph at lines 3228--3228
[]|\TU/lmr/m/n/9 PredictiveCodingBackprop| 

Underfull \hbox (badness 10000) in paragraph at lines 3228--3229
[]|[][]\TU/lmr/m/n/9 Millidge et al.[][]

Underfull \hbox (badness 10000) in paragraph at lines 3229--3229
[]|\TU/lmr/m/n/9 Supervised-Predictive-

Overfull \hbox (5.07112pt too wide) in paragraph at lines 3236--3237
[]|\TU/lmr/m/n/9 bioRxiv:2021.02.16| 

Overfull \hbox (5.07112pt too wide) in paragraph at lines 3238--3239
[]|\TU/lmr/m/n/9 bioRxiv:2022.04.14| 

Underfull \hbox (badness 5446) in paragraph at lines 3239--3240
[]|[][]\TU/lmr/m/n/9 Tschantz et al.[][]

Underfull \hbox (badness 1122) in paragraph at lines 3240--3240
[]|\TU/lmr/m/n/9 Bioregional stewardship via organizational

Underfull \hbox (badness 10000) in paragraph at lines 3241--3241
[]|\TU/lmr/m/n/9 bayesian-mechanics-

Underfull \hbox (badness 1281) in paragraph at lines 3241--3241
[]|\TU/lmr/m/n/9 Bayesian mechanics: SDE simulations of

Underfull \hbox (badness 10000) in paragraph at lines 3248--3248
[]|\TU/lmr/m/n/9 Variational-Capsule-

Underfull \hbox (badness 10000) in paragraph at lines 3249--3249
[]|\TU/lmr/m/n/9 Active-Inference-

Overfull \hbox (4.85529pt too wide) in paragraph at lines 3253--3253
[]|\TU/lmr/m/n/9 adaptive_aif_agents_fl| 

Underfull \hbox (badness 10000) in paragraph at lines 3260--3260
[]|\TU/lmr/m/n/9 Robust-FE-

Underfull \hbox (badness 10000) in paragraph at lines 3264--3264
[]|\TU/lmr/m/n/9 Active-Inference-from-

Underfull \hbox (badness 10000) in paragraph at lines 3266--3266
[]|\TU/lmr/m/n/9 julia4ta tutorials

Underfull \hbox (badness 1769) in paragraph at lines 3267--3267
[]|\TU/lmr/m/n/9 ActInf Textbook Co-
[45] [46]
Overfull \hbox (16.23427pt too wide) in paragraph at lines 3283--3298
 [][] 
[47]
Missing character: There is no ∼ (U+223C) in font [lmroman10-regular]:mapping=t
ex-text;!
[48] [49]
Overfull \hbox (97.6251pt too wide) in paragraph at lines 3500--3504
\TU/lmr/m/n/10 terministic given the input. The reference implementation lives 
in \TU/lmtt/m/n/10 projects/act_inf_metaanalysis/src/scoring/citation_weighted.
py\TU/lmr/m/n/10 : 
[50] [51] [52] [53]
Underfull \hbox (badness 1009) in paragraph at lines 3759--3772
\TU/lmr/m/n/10 The knowledge-graph outputs of this pipeline—hypothesis dashboar
ds, citation networks, temporal evidence
[54]
Underfull \hbox (badness 10000) in paragraph at lines 3907--3907
[]|\TU/lmr/bx/n/9 WCAG
[55] [56] [57] [58]
Underfull \hbox (badness 10000) in paragraph at lines 4119--4119
[]|\TU/lmr/m/n/10 Compound Annual

Underfull \hbox (badness 10000) in paragraph at lines 4124--4124
[]|\TU/lmr/m/n/10 Energy-Based Model

Underfull \hbox (badness 10000) in paragraph at lines 4125--4125
[]|\TU/lmr/m/n/10 Expected Free Energy

Underfull \hbox (badness 10000) in paragraph at lines 4127--4127
[]|\TU/lmr/m/n/10 Free Energy Principle

Underfull \hbox (badness 10000) in paragraph at lines 4129--4130
[]|\TU/lmr/m/n/10 The Clauset-Newman-Moore algorithm [[][]Clauset et al.[][], [
][]2004[][]]

Underfull \hbox (badness 10000) in paragraph at lines 4129--4130
\TU/lmr/m/n/10 for community detection. Implemented via NetworkX

Underfull \hbox (badness 5637) in paragraph at lines 4129--4130
\TU/lmtt/m/n/10 greedy_modularity_communities\TU/lmr/m/n/10 ; applied here to t
he citation

Underfull \hbox (badness 10000) in paragraph at lines 4130--4130
[]|\TU/lmr/m/n/10 HITS Hub/Authority

Underfull \hbox (badness 10000) in paragraph at lines 4136--4136
[]|\TU/lmr/m/n/10 Mean Year-over-Year

Underfull \hbox (badness 10000) in paragraph at lines 4147--4147
[]|\TU/lmr/m/n/10 Stochastic Differential

Underfull \hbox (badness 10000) in paragraph at lines 4148--4148
[]|\TU/lmr/m/n/10 Surprise (Self-

Underfull \hbox (badness 7907) in paragraph at lines 4149--4149
[]|\TU/lmr/m/n/10 Term Frequency–Inverse

Underfull \hbox (badness 2409) in paragraph at lines 4152--4152
[]|\TU/lmr/m/n/10 Variational Free Energy
 [59] [60] [61] [62] [63] (./_combined_manuscript.bbl [64] [65] [66])

Package caption Warning: Unused \captionsetup[sub] on input line 178.
See the caption package documentation for explanation.

[67] (./_combined_manuscript.aux) )
(see the transcript file for additional information)
Output written on _combined_manuscript.pdf (67 pages).
Transcript written on _combined_manuscript.log.
